// Jest Snapshot v1, https://goo.gl/fbAQLP

exports[`PokemonPage Component debe de hacer match con el snapshot cuando cargan los pokemons 1`] = `
<div>
  <h1>¿Quién es este pokémon?</h1>
  <pokemon-picture-stub pokemonid="5" showpokemon="false"></pokemon-picture-stub>
  <pokemons-options-stub pokemons="[object Object],[object Object],[object Object],[object Object]"></pokemons-options-stub>
  <!--v-if-->
</div>
`;

exports[`PokemonPage Component debe hacer match con el snapshot 1`] = `<h1> Espera por favor... </h1>`;
