// Jest Snapshot v1, https://goo.gl/fbAQLP

exports[`PokemonOptions component debe de mostrar el componente correctamente 1`] = `
<div class="options-container">
  <ul>
    <li>pikachu</li>
    <li>charmander</li>
    <li>venusaur</li>
    <li>mew</li>
  </ul>
</div>
`;
